// Jest Snapshot v1, https://goo.gl/fbAQLP

exports[`should collect data 1`] = `
Object {
  "collectedEntities": Array [
    Object {
      "_class": Array [
        "Account",
      ],
      "_key": "auth0-account:local-integration-instance",
      "_rawData": Array [
        Object {
          "name": "default",
          "rawData": Object {
            "id": "Auth0 Account",
            "name": "Auth0 Account",
          },
        },
      ],
      "_type": "auth0_account",
      "createdOn": undefined,
      "displayName": "Auth0 Account",
      "id": "Auth0 Account",
      "name": "Auth0 Account",
      "webLink": "https://manage.auth0.com/dashboard/us/dev-jupiterone/",
    },
    Object {
      "_class": Array [
        "User",
      ],
      "_key": "auth0|6094191d9201390068ecb1da",
      "_rawData": Array [
        Object {
          "name": "default",
          "rawData": Object {
            "created_at": "2021-05-06T16:28:13.644Z",
            "email": "thomaskevincasey74@gmail.com",
            "email_verified": false,
            "identities": Array [
              Object {
                "connection": "Username-Password-Authentication",
                "isSocial": false,
                "provider": "auth0",
                "user_id": "6094191d9201390068ecb1da",
              },
            ],
            "name": "thomaskevincasey74@gmail.com",
            "nickname": "thomaskevincasey74",
            "picture": "https://s.gravatar.com/avatar/94067c015850e0f500a37895e62dc45f?s=480&r=pg&d=https%3A%2F%2Fcdn.auth0.com%2Favatars%2Fth.png",
            "updated_at": "2021-05-06T16:28:13.644Z",
            "user_id": "auth0|6094191d9201390068ecb1da",
          },
        },
      ],
      "_type": "auth0_user",
      "appMetadata": undefined,
      "blocked": undefined,
      "createdAt": "2021-05-06T16:28:13.644Z",
      "createdOn": undefined,
      "displayName": "thomaskevincasey74@gmail.com",
      "email": "thomaskevincasey74@gmail.com",
      "emailVerified": false,
      "familyName": undefined,
      "givenName": undefined,
      "identities": "[{\\"connection\\":\\"Username-Password-Authentication\\",\\"user_id\\":\\"6094191d9201390068ecb1da\\",\\"provider\\":\\"auth0\\",\\"isSocial\\":false}]",
      "lastIp": undefined,
      "lastLogin": undefined,
      "loginsCount": undefined,
      "multifactor": undefined,
      "name": "thomaskevincasey74@gmail.com",
      "nickname": "thomaskevincasey74",
      "phoneNumber": undefined,
      "phoneVerified": undefined,
      "picture": "https://s.gravatar.com/avatar/94067c015850e0f500a37895e62dc45f?s=480&r=pg&d=https%3A%2F%2Fcdn.auth0.com%2Favatars%2Fth.png",
      "updatedAt": "2021-05-06T16:28:13.644Z",
      "userId": "auth0|6094191d9201390068ecb1da",
      "userMetadata": undefined,
      "username": "",
    },
  ],
  "collectedRelationships": Array [
    Object {
      "_class": "HAS",
      "_fromEntityKey": "auth0-account:local-integration-instance",
      "_key": "auth0-account:local-integration-instance|has|auth0|6094191d9201390068ecb1da",
      "_toEntityKey": "auth0|6094191d9201390068ecb1da",
      "_type": "auth0_account_has_user",
      "displayName": "HAS",
    },
  ],
  "encounteredTypes": Array [
    "auth0_account",
    "auth0_user",
    "auth0_account_has_user",
  ],
  "numCollectedEntities": 2,
  "numCollectedRelationships": 1,
}
`;
